// Jest Snapshot v1, https://goo.gl/fbAQLP

exports[`<Article /> should render properly 1`] = `
.c0 {
  margin: 0 0 60px 0;
  font-weight: 400;
}

<body>
  <div>
    <article
      class="c0"
    >
      John Doe
    </article>
  </div>
</body>
`;

exports[`<Content /> should render properly 1`] = `
<body>
  .c0 {
  line-height: 1.5;
}

.c0 a {
  color: #6495ed;
  -webkit-text-decoration: none;
  text-decoration: none;
  border-bottom: 1px solid transparent;
}

.c0 a:hover,
.c0 a:focus {
  border-bottom: 1px solid #6495ed;
  outline: none;
}

.c0 blockquote {
  border-left: 5px solid #6495ed;
  padding-left: 20px;
}

.c0 .gatsby-highlight {
  padding: 10px 0;
}

.c0 pre[class*='language-'],
.c0 code[class*='language-'],
.c0 .gatsby-highlight {
  background-color: transparent;
}

.c0 .line-numbers-rows,
.c0 .line-numbers-rows span::before {
  border: 0.5px solid transparent;
}

.c0 img {
  box-shadow: none !important;
}

<div>
    <section
      class="c0"
    >
      John Doe
    </section>
  </div>
</body>
`;
